I/PackageManager(  479): Running dexopt on: com.android.settings
D/dalvikvm(  589): DexOpt: load 149ms, verify+opt 760ms, 2328780 bytes
I/PackageManager(  479): Running dexopt on: com.android.sharedstoragebackup
D/dalvikvm(  602): DexOpt: load 6ms, verify+opt 3ms, 117868 bytes
I/PackageManager(  479): Running dexopt on: com.android.soundrecorder
D/dalvikvm(  603): DexOpt: load 13ms, verify+opt 46ms, 354692 bytes
I/PackageManager(  479): Running dexopt on: com.android.spare_parts
D/dalvikvm(  604): DexOpt: load 11ms, verify+opt 9ms, 221548 bytes
I/PackageManager(  479): Running dexopt on: com.android.stk
D/dalvikvm(  605): DexOpt: load 13ms, verify+opt 70ms, 413636 bytes
I/PackageManager(  479): Running dexopt on: com.noshufou.android.su
D/dalvikvm(  606): DexOpt: 'Landroid/os/SystemProperties;' has an earlier definition; blocking out
D/dalvikvm(  606): DexOpt: not verifying/optimizing 'Landroid/os/SystemProperties;': multiple definitions
I/dalvikvm(  606): DexOpt: not resolving ambiguous class 'Landroid/os/SystemProperties;'
D/dalvikvm(  606): DexOpt: load 123ms, verify+opt 389ms, 1349548 bytes
I/PackageManager(  479): Running dexopt on: com.android.systemui
D/dalvikvm(  607): DexOpt: load 84ms, verify+opt 260ms, 1175964 bytes
I/PackageManager(  479): Running dexopt on: com.android.providers.telephony
D/dalvikvm(  608): DexOpt: load 5ms, verify+opt 49ms, 254396 bytes
I/PackageManager(  479): Running dexopt on: jackpal.androidterm
D/dalvikvm(  609): DexOpt: 'Landroid/annotation/SuppressLint;' has an earlier definition; blocking out
D/dalvikvm(  609): DexOpt: 'Landroid/annotation/TargetApi;' has an earlier definition; blocking out
D/dalvikvm(  609): DexOpt: not verifying/optimizing 'Landroid/annotation/SuppressLint;': multiple definitions
D/dalvikvm(  609): DexOpt: not verifying/optimizing 'Landroid/annotation/TargetApi;': multiple definitions
D/dalvikvm(  609): DexOpt: load 35ms, verify+opt 97ms, 577020 bytes
I/PackageManager(  479): Running dexopt on: com.tmobile.themechooser
D/dalvikvm(  610): DexOpt: load 23ms, verify+opt 40ms, 359060 bytes
I/PackageManager(  479): Running dexopt on: com.tmobile.thememanager
D/dalvikvm(  611): DexOpt: load 9ms, verify+opt 25ms, 249260 bytes
I/PackageManager(  479): Running dexopt on: net.cactii.flash2
D/dalvikvm(  612): DexOpt: load 14ms, verify+opt 50ms, 393844 bytes
I/PackageManager(  479): Running dexopt on: com.cyanogenmod.trebuchet
D/dalvikvm(  613): DexOpt: load 112ms, verify+opt 304ms, 988620 bytes
I/PackageManager(  479): Running dexopt on: com.android.providers.userdictionary
D/dalvikvm(  614): DexOpt: load 7ms, verify+opt 11ms, 162940 bytes
I/PackageManager(  479): Running dexopt on: com.android.videoeditor
D/dalvikvm(  615): DexOpt: load 50ms, verify+opt 238ms, 758148 bytes
I/PackageManager(  479): Running dexopt on: com.android.musicvis
D/dalvikvm(  616): DexOpt: load 7ms, verify+opt 14ms, 184284 bytes
I/PackageManager(  479): Running dexopt on: com.android.voicedialer
D/dalvikvm(  617): DexOpt: load 10ms, verify+opt 58ms, 361204 bytes
I/PackageManager(  479): Running dexopt on: com.android.vpndialogs
D/dalvikvm(  618): DexOpt: load 9ms, verify+opt 36ms, 272548 bytes
I/PackageManager(  479): Running dexopt on: com.android.smspush
D/dalvikvm(  619): DexOpt: load 6ms, verify+opt 5ms, 138132 bytes
I/SystemServer(  479): Mount Service
D/MountService(  479): got storage path: /storage/sdcard1 description: Th SD primary: true removable: true emulated: false mtpReserve: 0 allowMassStorage: true maxFileSize: 0
D/MountService(  479): got storage path: /storage/sdcard0 description: B nh trong primary: false removable: false emulated: false mtpReserve: 0 allowMassStorage: true maxFileSize: 0
I/SystemServer(  479): LockSettingsService
I/SystemServer(  479): Device Policy
I/SystemServer(  479): Status Bar
D/VoldCmdListener(  107): volume list
I/SystemServer(  479): Clipboard Service
D/MountService(  479): volume state changed for /storage/sdcard1 (null -> unmounted)
I/SystemServer(  479): NetworkManagement Service
D/MountService(  479): volume state changed for /storage/sdcard0 (null -> unmounted)
W/MountService(  479): getSecureContainerList() called when storage not mounted
I/PackageManager(  479): No secure containers on sdcard
D/VoldCmdListener(  107): asec list
I/PackageManager(  479): Platform changed from 0 to 16; regranting permissions for external storage
I/SystemServer(  479): Text Service Manager Service
W/PackageManager(  479): Unknown permission com.google.android.googleapps.permission.GOOGLE_AUTH.mail in package com.android.contacts
W/PackageManager(  479): Unknown permission android.permission.ADD_SYSTEM_SERVICE in package com.android.phone
W/PackageManager(  479): Unknown permission com.google.android.googleapps.permission.GOOGLE_AUTH in package com.android.providers.calendar
W/PackageManager(  479): Unknown permission com.google.android.googleapps.permission.GOOGLE_AUTH.cl in package com.android.providers.calendar
W/PackageManager(  479): Unknown permission com.google.android.googleapps.permission.GOOGLE_AUTH.mail in package com.android.calendar
W/PackageManager(  479): Not granting permission android.permission.SEND_DOWNLOAD_COMPLETED_INTENTS to package com.android.browser (protectionLevel=2 flags=0x9be45)
W/PackageManager(  479): Unknown permission com.cyanogenmod.filemanager.permissions.READ_THEME in package com.cyanogenmod.filemanager
W/PackageManager(  479): Unknown permission com.google.android.googleapps.permission.GOOGLE_AUTH in package com.android.settings
W/PackageManager(  479): Unknown permission com.google.android.googleapps.permission.GOOGLE_AUTH in package com.android.providers.contacts
W/PackageManager(  479): Unknown permission com.google.android.googleapps.permission.GOOGLE_AUTH.cp in package com.android.providers.contacts
W/PackageManager(  479): Unknown permission android.permission.ACCESS_SUPERUSER in package jackpal.androidterm
W/PackageManager(  479): Unknown permission android.permission.ACCESS_4G_RADIO_DISABLE in package com.android.systemui
W/PackageManager(  479): Unknown permission android.permission.ACCESS_4G_STATE in package com.android.systemui
W/PackageManager(  479): Unknown permission android.permission.CHANGE_4G_STATE in package com.android.systemui
W/PackageManager(  479): Unknown permission com.google.android.googleapps.permission.ACCESS_GOOGLE_PASSWORD in package com.android.development
W/PackageManager(  479): Unknown permission com.google.android.googleapps.permission.GOOGLE_AUTH in package com.android.development
W/PackageManager(  479): Unknown permission com.google.android.googleapps.permission.GOOGLE_AUTH.ALL_SERVICES in package com.android.development
W/PackageManager(  479): Unknown permission com.google.android.googleapps.permission.GOOGLE_AUTH.YouTubeUser in package com.android.development
W/PackageManager(  479): Not granting permission android.permission.DEVICE_POWER to package com.android.deskclock (protectionLevel=2 flags=0x8be45)
I/SystemServer(  479): NetworkStats Service
I/SystemServer(  479): NetworkPolicy Service
I/SystemServer(  479): Wi-Fi P2pService
I/SystemServer(  479): Wi-Fi Service
E/CommandListener(  110): Failed to open /proc/sys/net/ipv6/conf/wlan0/disable_ipv6: No such file or directory
E/WifiStateMachine(  479): Failed to disable IPv6: java.lang.IllegalStateException: command '1 interface ipv6 wlan0 disable' failed with '400 1 Failed to change IPv6 state (No such file or directory)'
I/SystemServer(  479): Connectivity Service
D/ConnectivityService(  479): ConnectivityService starting up
E/MobileDataStateTracker(  479): default: Ignoring feature request because could not acquire PhoneService
E/MobileDataStateTracker(  479): default: Could not enable APN type "default"
I/WifiService(  479): WifiService starting up with Wi-Fi disabled
D/WifiWatchdogStateMachine(  479): Disabling poor network avoidance for wi-fi only device
I/SystemServer(  479): Network Service Discovery Service
D/NsdService(  479): Network service discovery enabled true
I/SystemServer(  479): Throttle Service
I/SystemServer(  479): FM receiver Service
I/        (  479): registerAndroidFmRadioReceiver
I/        (  479): registerAndroidFmRadioTransmitter
I/FmReceiverService(  479): FmReceiverService created
I/FmTransmitterService(  479): FmTransmitterService created
I/SystemServer(  479): FM transmitter Service
I/SystemServer(  479): UpdateLock Service
W/Profile (  479): Null Pointer - UUID not found for Default.  New UUID generated: 64c76ace-9be1-49ab-96e3-1fcbeed89f1e
I/SystemServer(  479): Profile Manager
W/Profile (  479): Null Pointer - UUID not found for Work.  New UUID generated: 270b5247-676a-4f77-8831-287217ef2359
W/Profile (  479): Null Pointer - UUID not found for Home.  New UUID generated: 81327218-1c36-4fab-9a5d-7b76ba5b501a
W/Profile (  479): Null Pointer - UUID not found for Silent.  New UUID generated: f642a1b7-18a4-4554-bd74-b1fa7e47e308
W/Profile (  479): Null Pointer - UUID not found for Night.  New UUID generated: f990dea2-3ec7-4037-ae9b-2f86c0632e15
D/ProfileService(  479): Set active profile to: 64c76ace-9be1-49ab-96e3-1fcbeed89f1e - Default
D/ProfileService(  479): Saving profile data...
D/ProfileService(  479): Save completed.
D/PackageManager(  479): generateServicesMap(android.accounts.AccountAuthenticator): 2 services unchanged
I/SystemServer(  479): Notification Manager
I/SystemServer(  479): Device Storage Monitor
I/SystemServer(  479): Location Manager
I/SystemServer(  479): Country Detector
I/SystemServer(  479): Search Service
I/SystemServer(  479): DropBox Service
I/SystemServer(  479): Wallpaper Service
W/WallpaperService(  479): failed parsing /data/system/users/0/wallpaper_info.xml java.io.FileNotFoundException: /data/system/users/0/wallpaper_info.xml: open failed: ENOENT (No such file or directory)
I/SystemServer(  479): Audio Service
D/dalvikvm(  479): GC_CONCURRENT freed 1537K, 54% free 4061K/8711K, paused 2ms+4ms, total 51ms
D/dalvikvm(  479): WAIT_FOR_CONCURRENT_GC blocked 18ms
I/SystemServer(  479): Dock Observer
W/DockObserver(  479): This kernel does not have dock station support
I/SystemServer(  479): Wired Accessory Observer
W/WiredAccessoryObserver(  479): This kernel does not have usb audio support
W/WiredAccessoryObserver(  479): This kernel does not have samsung usb dock audio support
W/WiredAccessoryObserver(  479): This kernel does not have HDMI audio support
I/SystemServer(  479): USB Service
I/SystemServer(  479): Serial Service
I/SystemServer(  479): UI Mode Manager Service
I/SystemServer(  479): Backup Service
V/BackupManagerService(  479): Initializing package tracking
V/BackupManagerService(  479): No ancestral data
V/BackupManagerService(  479): addPackageParticipantsLocked: all
I/BackupManagerService(  479): New app android never backed up; scheduling
D/BackupManagerService(  479): Now staging backup of android
I/BackupManagerService(  479): New app com.android.browser never backed up; scheduling
D/BackupManagerService(  479): Now staging backup of com.android.browser
I/BackupManagerService(  479): New app com.android.calendar never backed up; scheduling
D/BackupManagerService(  479): Now staging backup of com.android.calendar
I/BackupManagerService(  479): New app com.android.inputmethod.latin never backed up; scheduling
D/BackupManagerService(  479): Now staging backup of com.android.inputmethod.latin
I/BackupManagerService(  479): New app com.android.providers.settings never backed up; scheduling
D/BackupManagerService(  479): Now staging backup of com.android.providers.settings
I/BackupManagerService(  479): New app com.android.providers.userdictionary never backed up; scheduling
D/BackupManagerService(  479): Now staging backup of com.android.providers.userdictionary
I/BackupManagerService(  479): New app com.android.sharedstoragebackup never backed up; scheduling
D/BackupManagerService(  479): Now staging backup of com.android.sharedstoragebackup
V/BackupManagerService(  479): Registering transport android/com.android.internal.backup.LocalTransport = com.android.internal.backup.LocalTransport@4129cbb8
V/BackupManagerService(  479): Starting with transport com.google.android.backup/.BackupTransportService
V/BackupManagerService(  479): Google transport not present
I/BackupManagerService(  479): Backup enabled => false
I/BackupManagerService(  479): Opting out of backup
I/SystemServer(  479): AppWidget Service
I/SystemServer(  479): Recognition Service
I/SystemServer(  479): DiskStats Service
I/SystemServer(  479): SamplingProfiler Service
I/SystemServer(  479): NetworkTimeUpdateService
I/SystemServer(  479): CommonTimeManagementService
I/SystemServer(  479): CertBlacklister
I/SystemServer(  479): AssetRedirectionManager Service
