--------- beginning of /dev/log/main
I/DEBUG   (  111): debuggerd: Nov 14 2013 21:18:43
--------- beginning of /dev/log/system
I/Vold    (  107): Vold 2.1 (the revenge) firing up
E/AKMD2   (  124): akmd2 : Device initialization failed.
I/Netd    (  110): Netd 1.0 starting
I/rmt_storage(  144): rmt_storage user app start.. ignoring cmd line parameters
I/rmt_storage(  144): rmt_storage open success
D/Vold    (  107): Volume sdcard state changing -1 (Initializing) -> 0 (No-Media)
D/Vold    (  107): Volume emmc state changing -1 (Initializing) -> 0 (No-Media)
D/Vold    (  107): Volume emmc state changing 0 (No-Media) -> 2 (Pending)
D/DirectVolume(  107): DirectVolume::handlePartitionAdded -> MAJOR 179, MINOR 1, PARTN 1
D/DirectVolume(  107): DirectVolume::handlePartitionAdded -> MAJOR 179, MINOR 2, PARTN 2
D/DirectVolume(  107): DirectVolume::handlePartitionAdded -> MAJOR 179, MINOR 3, PARTN 3
D/DirectVolume(  107): DirectVolume::handlePartitionAdded -> MAJOR 179, MINOR 4, PARTN 4
D/DirectVolume(  107): DirectVolume::handlePartitionAdded -> MAJOR 179, MINOR 5, PARTN 5
D/DirectVolume(  107): DirectVolume::handlePartitionAdded -> MAJOR 179, MINOR 6, PARTN 6
D/DirectVolume(  107): DirectVolume::handlePartitionAdded -> MAJOR 179, MINOR 7, PARTN 7
D/Vold    (  107): Volume emmc state changing 2 (Pending) -> 1 (Idle-Unmounted)
D/DirectVolume(  107): DirectVolume::handlePartitionAdded -> MAJOR 179, MINOR 8, PARTN 8
W/Vold    (  107): Duplicate state (1)
D/DirectVolume(  107): DirectVolume::handlePartitionAdded -> MAJOR 179, MINOR 9, PARTN 9
W/Vold    (  107): Duplicate state (1)
D/DirectVolume(  107): DirectVolume::handlePartitionAdded -> MAJOR 179, MINOR 10, PARTN 10
W/Vold    (  107): Duplicate state (1)
D/DirectVolume(  107): DirectVolume::handlePartitionAdded -> MAJOR 179, MINOR 11, PARTN 11
W/Vold    (  107): Duplicate state (1)
D/DirectVolume(  107): DirectVolume::handlePartitionAdded -> MAJOR 179, MINOR 12, PARTN 12
W/Vold    (  107): Duplicate state (1)
E/mm-camera(  132): qcamsvr_start: old_mode = 3f
D/DirectVolume(  107): DirectVolume::handlePartitionAdded -> MAJOR 179, MINOR 13, PARTN 13
W/Vold    (  107): Duplicate state (1)
D/DirectVolume(  107): DirectVolume::handlePartitionAdded -> MAJOR 179, MINOR 14, PARTN 14
W/Vold    (  107): Duplicate state (1)
D/DirectVolume(  107): DirectVolume::handlePartitionAdded -> MAJOR 179, MINOR 15, PARTN 15
W/Vold    (  107): Duplicate state (1)
D/DirectVolume(  107): DirectVolume::handlePartitionAdded -> MAJOR 179, MINOR 16, PARTN 16
W/Vold    (  107): Duplicate state (1)
D/DirectVolume(  107): DirectVolume::handlePartitionAdded -> MAJOR 179, MINOR 17, PARTN 17
W/Vold    (  107): Duplicate state (1)
D/DirectVolume(  107): DirectVolume::handlePartitionAdded -> MAJOR 179, MINOR 18, PARTN 18
W/Vold    (  107): Duplicate state (1)
I/gpu_dcvs(  133): <main:471>: gpu_dcvs starting
W/gpu_dcvs(  133): <init_config:257>: failed to open config file, using defaults
D/DirectVolume(  107): DirectVolume::handlePartitionAdded -> MAJOR 179, MINOR 19, PARTN 19
W/Vold    (  107): Duplicate state (1)
D/DirectVolume(  107): DirectVolume::handlePartitionAdded -> MAJOR 179, MINOR 20, PARTN 20
E/DirectVolume(  107): Invalid 'PARTN' value
D/Vold    (  107): Volume sdcard state changing 0 (No-Media) -> 2 (Pending)
D/DirectVolume(  107): DirectVolume::handlePartitionAdded -> MAJOR 179, MINOR 33, PARTN 1
D/Vold    (  107): Volume sdcard state changing 2 (Pending) -> 1 (Idle-Unmounted)
E/mm-camera(  132): qcamsvr_load_gesture_lib Error opening gesture library
E/mm-camera(  132): Cannot init Gesture library
E/libdiag (  156):  Diag_LSM_Init: Failed to open handle to diag driver, error = 13
I/gpu_dcvs(  133): <query_pwr_levels:140>: GPU is Adreno 203
I/gpu_dcvs(  133): <query_pwr_levels:179>: dcvs->num_levels:2
I/gpu_dcvs(  133): <query_pwr_levels:180>: dcvs->min_samples:50
I/gpu_dcvs(  133): <query_pwr_levels:181>: dcvs->perf_down:10000
I/gpu_dcvs(  133): <query_pwr_levels:182>: dcvs->perf_up:6000
I/gpu_dcvs(  133): <query_pwr_levels:183>: dcvs->busy_timer:40000
I/gpu_dcvs(  133): <query_pwr_levels:184>: dcvs->levels[index]:300000000
I/gpu_dcvs(  133): <query_pwr_levels:185>: dcvs->levels[index]:192000000
I/rmt_storage(  144): 4 supported partitions found
I/mediaserver(  116): ServiceManager: 0x40f14d78
I/AudioFlinger(  116): Using default 3000 mSec as standby time.
I/CameraService(  116): CameraService started (pid=116)
E/        (  116): Qint android::get_number_of_cameras(): E
I/AudioPolicyManagerBase(  116): loadAudioPolicyConfig() loaded /system/etc/audio_policy.conf
I/AudioFlinger(  116): loadHwModule() Loaded primary audio interface from Default audio HW HAL (audio) handle 1
I/AudioFlinger(  116): HAL output buffer size 1024 frames, normal mix buffer size 1024 frames
I/AudioMixer(  116): found effect "Multichannel Downmix To Stereo" from The Android Open Source Project
I/AudioFlinger(  116): Using module 1 has the primary audio interface
I/AudioFlinger(  116): AudioFlinger's thread 0x40e14008 ready to run
W/AudioFlinger(  116): Thread AudioOut_2 cannot connect to the power manager service
W/AudioFlinger(  116): Thread AudioOut_2 cannot connect to the power manager service
I/AudioFlinger(  116): loadHwModule() Loaded a2dp audio interface from A2DP Audio HW HAL (audio) handle 3
I/AudioPolicyService(  116): Loaded audio policy from LEGACY Audio Policy HAL (audio_policy)
D/AndroidRuntime(  114): 
D/AndroidRuntime(  114): >>>>>> AndroidRuntime START com.android.internal.os.ZygoteInit <<<<<<
D/AndroidRuntime(  114): CheckJNI is OFF
I/SurfaceFlinger(  113): SurfaceFlinger is starting
I/SurfaceFlinger(  113): use dithering
I/SurfaceFlinger(  113): SurfaceFlinger's main thread ready to run. Initializing graphics H/W...
W/gralloc (  113): MSMFB_METADATA_SET failed to configure alpha mode
I/gralloc (  113): using (fd=14)
I/gralloc (  113): id           = msmfb303_90201
I/gralloc (  113): xres         = 480 px
I/gralloc (  113): yres         = 800 px
I/gralloc (  113): xres_virtual = 480 px
I/gralloc (  113): yres_virtual = 2400 px
I/gralloc (  113): bpp          = 32
I/gralloc (  113): r            = 24:8
I/gralloc (  113): g            = 16:8
I/gralloc (  113): b            =  8:8
I/gralloc (  113): width        = 76 mm (160.421051 dpi)
I/gralloc (  113): height       = 127 mm (160.000000 dpi)
I/gralloc (  113): refresh rate = 0.00 Hz
D/CALCFPS (  113): DEBUG_CALC_FPS: 0
D/CALCFPS (  113): period: 10
D/CALCFPS (  113): ignorethresh_us: 500000
D/CALCFPS (  113): DEBUG_CALC_FPS: 0
D/CALCFPS (  113): period: 10
D/CALCFPS (  113): ignorethresh_us: 500000
D/libEGL  (  113): loaded /system/lib/egl/libEGL_adreno200.so
D/libEGL  (  113): loaded /system/lib/egl/libGLESv1_CM_adreno200.so
D/libEGL  (  113): loaded /system/lib/egl/libGLESv2_adreno200.so
E/BandwidthController(  110): runIptablesCmd(): failed /system/bin/ip6tables -N bw_INPUT res=768
I/Adreno200-EGL(  113): <qeglDrvAPI_eglInitialize:299>: EGL 1.4 QUALCOMM build: AU_LINUX_ANDROID_JB_REL_2.0.3.04.01.01.21.010_msm8625_JB_REL_2.0.3_Merge_release_AU (Merge)
I/Adreno200-EGL(  113): Build Date: 10/26/12 Fri
I/Adreno200-EGL(  113): Local Branch: 
I/Adreno200-EGL(  113): Remote Branch: quic/jb_rel_2.0.3
I/Adreno200-EGL(  113): Local Patches: NONE
I/Adreno200-EGL(  113): Reconstruct Branch: AU_LINUX_ANDROID_JB_REL_2.0.3.04.01.01.21.010 +  NOTHING
I/SurfaceFlinger(  113): EGL informations:
I/SurfaceFlinger(  113): # of configs : 36
I/SurfaceFlinger(  113): vendor    : Android
I/SurfaceFlinger(  113): version   : 1.4 Android META-EGL
I/SurfaceFlinger(  113): extensions: EGL_KHR_image EGL_KHR_image_base EGL_KHR_gl_texture_2D_image EGL_KHR_gl_texture_cubemap_image EGL_KHR_gl_renderbuffer_image EGL_KHR_fence_sync EGL_ANDROID_image_native_buffer 
I/SurfaceFlinger(  113): Client API: OpenGL_ES
I/SurfaceFlinger(  113): EGLSurface: 8-8-8-0, config=0x7
I/SurfaceFlinger(  113): OpenGL informations:
I/SurfaceFlinger(  113): vendor    : Qualcomm
I/SurfaceFlinger(  113): renderer  : Adreno (TM) 203
I/SurfaceFlinger(  113): version   : OpenGL ES-CM 1.1 V@6.0 AU@04.01.01.21.010 (CL@)
I/SurfaceFlinger(  113): extensions: GL_EXT_debug_marker GL_AMD_compressed_ATC_texture GL_AMD_performance_monitor GL_APPLE_texture_2D_limited_npot GL_ARB_vertex_buffer_object GL_EXT_texture_filter_anisotropic GL_EXT_texture_format_BGRA8888 GL_EXT_texture_type_2_10_10_10_REV GL_OES_blend_equation_separate GL_OES_blend_func_separate GL_OES_blend_subtract GL_OES_compressed_ETC1_RGB8_texture GL_OES_compressed_paletted_texture GL_OES_depth_texture GL_OES_depth24 GL_OES_draw_texture GL_OES_EGL_image GL_OES_EGL_image_external GL_OES_framebuffer_object GL_OES_matrix_palette GL_OES_packed_depth_stencil GL_OES_point_size_array GL_OES_point_sprite GL_OES_read_format GL_OES_rgb8_rgba8 GL_OES_stencil_wrap GL_OES_texture_cube_map GL_OES_texture_env_crossbar GL_OES_texture_float GL_OES_texture_half_float GL_OES_texture_half_float_linear GL_OES_texture_npot GL_OES_texture_mirrored_repeat GL_QCOM_binning_control GL_QCOM_extended_get GL_QCOM_tiled_rendering GL_AMD_compressed_3DC_texture 
I/SurfaceFlinger(  113): GL_MAX_TEXTURE_SIZE = 4096
I/SurfaceFlinger(  113): GL_MAX_VIEWPORT_DIMS = 4096 x 4096
I/SurfaceFlinger(  113): flags = 00000000
E/BandwidthController(  110): runIptablesCmd(): failed /system/bin/ip6tables -A bw_INPUT -i lo --jump RETURN res=768
D/MDnsDS  (  110): MDnsSdListener::Hander starting up
D/MDnsDS  (  110): MDnsSdListener starting to monitor
D/MDnsDS  (  110): Going to poll with pollCount 1
D/overlay (  113): initoverlay:: opening the device:: /dev/graphics/fb0
E/overlay (  113): ERROR: MSMFB_MIXER_INFO ioctl failed
D/overlay (  113): initoverlay:: opening the device:: /dev/graphics/fb1
I/hwcomposer(  113): Initializing Qualcomm Hardware Composer
I/hwcomposer(  113): MDP version: 303
I/hwcomposer(  113): DYN composition threshold : 2.000000
I/hwcomposer(  113): hwc_device_open: Hardware VSYNC supported
I/hwcomposer(  113): Initializing UEvent Listener Thread
I/hwcomposer(  113): Initializing VSYNC Thread
I/SurfaceFlinger(  113): EventThread ready to run.
D/dalvikvm(  114): DexOpt: --- BEGIN 'core.jar' (bootstrap=1) ---
D/libEGL  (  420): loaded /system/lib/egl/libEGL_adreno200.so
D/libEGL  (  420): loaded /system/lib/egl/libGLESv1_CM_adreno200.so
D/libEGL  (  420): loaded /system/lib/egl/libGLESv2_adreno200.so
I/Adreno200-EGL(  420): <qeglDrvAPI_eglInitialize:299>: EGL 1.4 QUALCOMM build: AU_LINUX_ANDROID_JB_REL_2.0.3.04.01.01.21.010_msm8625_JB_REL_2.0.3_Merge_release_AU (Merge)
I/Adreno200-EGL(  420): Build Date: 10/26/12 Fri
I/Adreno200-EGL(  420): Local Branch: 
I/Adreno200-EGL(  420): Remote Branch: quic/jb_rel_2.0.3
I/Adreno200-EGL(  420): Local Patches: NONE
I/Adreno200-EGL(  420): Reconstruct Branch: AU_LINUX_ANDROID_JB_REL_2.0.3.04.01.01.21.010 +  NOTHING
D/dalvikvm(  421): Ignoring duplicate verify attempt on Ljava/lang/Object;
D/dalvikvm(  421): Ignoring duplicate verify attempt on Ljava/lang/Class;
D/dalvikvm(  421): Ignoring duplicate verify attempt on Ljava/lang/ref/Reference;
D/dalvikvm(  421): Ignoring duplicate verify attempt on Ljava/lang/ref/ReferenceQueue;
D/dalvikvm(  421): Ignoring duplicate verify attempt on Ljava/lang/ref/FinalizerReference;
D/dalvikvm(  421): DexOpt: load 92ms, verify+opt 1139ms, 1591980 bytes
D/dalvikvm(  114): DexOpt: --- END 'core.jar' (success) ---
D/dalvikvm(  114): DEX prep '/system/framework/core.jar': unzip in 262ms, rewrite 1960ms
D/dalvikvm(  114): DexOpt: --- BEGIN 'core-junit.jar' (bootstrap=1) ---
D/dalvikvm(  427): DexOpt: load 7ms, verify+opt 12ms, 140348 bytes
D/dalvikvm(  114): DexOpt: --- END 'core-junit.jar' (success) ---
D/dalvikvm(  114): DEX prep '/system/framework/core-junit.jar': unzip in 1ms, rewrite 136ms
D/dalvikvm(  114): DexOpt: --- BEGIN 'bouncycastle.jar' (bootstrap=1) ---
D/dalvikvm(  428): DexOpt: load 26ms, verify+opt 390ms, 601812 bytes
D/dalvikvm(  114): DexOpt: --- END 'bouncycastle.jar' (success) ---
D/dalvikvm(  114): DEX prep '/system/framework/bouncycastle.jar': unzip in 53ms, rewrite 679ms
D/dalvikvm(  114): DexOpt: --- BEGIN 'ext.jar' (bootstrap=1) ---
D/dalvikvm(  429): DexOpt: load 46ms, verify+opt 585ms, 940124 bytes
D/dalvikvm(  114): DexOpt: --- END 'ext.jar' (success) ---
D/dalvikvm(  114): DEX prep '/system/framework/ext.jar': unzip in 88ms, rewrite 982ms
D/dalvikvm(  114): DexOpt: --- BEGIN 'framework.jar' (bootstrap=1) ---
D/dalvikvm(  467): Note: class Landroid/opengl/GLWrapperBase; has 250 unimplemented (abstract) methods
D/dalvikvm(  467): DexOpt: load 482ms, verify+opt 5184ms, 5541148 bytes
D/dalvikvm(  114): DexOpt: --- END 'framework.jar' (success) ---
D/dalvikvm(  114): DEX prep '/system/framework/framework.jar': unzip in 545ms, rewrite 6773ms
D/dalvikvm(  114): DexOpt: --- BEGIN 'framework2.jar' (bootstrap=1) ---
D/dalvikvm(  472): DexOpt: load 33ms, verify+opt 186ms, 810636 bytes
D/dalvikvm(  114): DexOpt: --- END 'framework2.jar' (success) ---
D/dalvikvm(  114): DEX prep '/system/framework/framework2.jar': unzip in 25ms, rewrite 380ms
D/dalvikvm(  114): DexOpt: --- BEGIN 'android.policy.jar' (bootstrap=1) ---
D/dalvikvm(  473): DexOpt: load 42ms, verify+opt 232ms, 964500 bytes
D/dalvikvm(  114): DexOpt: --- END 'android.policy.jar' (success) ---
D/dalvikvm(  114): DEX prep '/system/framework/android.policy.jar': unzip in 19ms, rewrite 444ms
D/dalvikvm(  114): DexOpt: --- BEGIN 'services.jar' (bootstrap=1) ---
D/dalvikvm(  474): DexOpt: load 61ms, verify+opt 1280ms, 1983540 bytes
D/dalvikvm(  114): DexOpt: --- END 'services.jar' (success) ---
D/dalvikvm(  114): DEX prep '/system/framework/services.jar': unzip in 111ms, rewrite 1810ms
D/dalvikvm(  114): DexOpt: --- BEGIN 'apache-xml.jar' (bootstrap=1) ---
D/dalvikvm(  475): DexOpt: load 52ms, verify+opt 464ms, 836588 bytes
D/dalvikvm(  114): DexOpt: --- END 'apache-xml.jar' (success) ---
D/dalvikvm(  114): DEX prep '/system/framework/apache-xml.jar': unzip in 64ms, rewrite 836ms
D/dalvikvm(  114): Trying to load lib libjavacore.so 0x0
D/dalvikvm(  114): Added shared lib libjavacore.so 0x0
D/dalvikvm(  114): Trying to load lib libnativehelper.so 0x0
D/dalvikvm(  114): Added shared lib libnativehelper.so 0x0
I/SamplingProfilerIntegration(  114): Profiling disabled.
I/Zygote  (  114): Preloading classes...
D/dalvikvm(  114): GC_EXPLICIT freed 37K, 84% free 420K/2560K, paused 0ms+1ms, total 3ms
W/Zygote  (  114): Class not found for preloading: android.animation.ValueAnimator$2
W/Zygote  (  114): Class not found for preloading: android.animation.ValueAnimator$3
W/Zygote  (  114): Class not found for preloading: android.animation.ValueAnimator$4
W/Zygote  (  114): Class not found for preloading: android.animation.ValueAnimator$5
W/Zygote  (  114): Class not found for preloading: android.content.res.Resources$1
W/Zygote  (  114): Class not found for preloading: android.database.sqlite.SQLiteCompiledSql
W/Zygote  (  114): Class not found for preloading: android.database.sqlite.SQLiteDatabase$DatabaseReentrantLock
D/TextLayoutCache(  114): Using debug level = 0 - Debug Enabled = 0
I/dalvikvm(  114): threadid=1: recursive native library load attempt (/system/lib/libmedia_jni.so)
D/MtpDeviceJNI(  114): register_android_mtp_MtpDevice
I/dalvikvm(  114): threadid=1: recursive native library load attempt (/system/lib/libmedia_jni.so)
I/dalvikvm(  114): threadid=1: recursive native library load attempt (/system/lib/libmedia_jni.so)
W/Zygote  (  114): Class not found for preloading: android.media.IRemoteControlClientDispatcher
W/Zygote  (  114): Class not found for preloading: android.media.IRemoteControlClientDispatcher$Stub
W/Zygote  (  114): Class not found for preloading: android.os.Power
W/Zygote  (  114): Class not found for preloading: android.text.TextDirectionHeuristics$CharCount
W/Zygote  (  114): Class not found for preloading: android.text.method.WordIterator$1
W/Zygote  (  114): Class not found for preloading: android.view.InputHandler
W/Zygote  (  114): Class not found for preloading: android.view.InputQueue$FinishedCallback
W/Zygote  (  114): Class not found for preloading: android.view.ViewRootImpl$3
I/dalvikvm(  114): threadid=1: recursive native library load attempt (/system/lib/libwebcore.so)
D/dalvikvm(  114): No JNI_OnLoad found in /system/lib/libchromium_net.so 0x0, skipping init
D/dalvikvm(  114): GC_FOR_ALLOC freed 634K, 37% free 1628K/2560K, paused 16ms, total 16ms
W/Zygote  (  114): Class not found for preloading: android.widget.EdgeGlow
W/Zygote  (  114): Class not found for preloading: android.widget.TextView$Blink
W/Zygote  (  114): Class not found for preloading: android.widget.TextView$EasyEditSpanController
W/Zygote  (  114): Class not found for preloading: android.widget.TextView$InputContentType
W/Zygote  (  114): Class not found for preloading: android.widget.TextView$InputMethodState
W/Zygote  (  114): Class not found for preloading: android.widget.TextView$TextAlign
E/PhonePolicy(  114): Could not preload class for phone policy: com.android.internal.policy.impl.PhoneWindow$ContextMenuCallback
W/Zygote  (  114): Class not found for preloading: java.text.DecimalFormat$1
I/System  (  114): Loaded time zone names for  in 262ms (257ms in ICU)
I/System  (  114): Loaded time zone names for en_US in 165ms (159ms in ICU)
I/System  (  114): Loaded time zone names for vi_VN in 166ms (160ms in ICU)
I/Zygote  (  114): ...preloaded 2281 classes in 2011ms.
D/dalvikvm(  114): GC_EXPLICIT freed 1037K, 33% free 2209K/3267K, paused 2ms+2ms, total 27ms
I/Zygote  (  114): Preload resources disabled, skipped.
D/dalvikvm(  114): GC_EXPLICIT freed 9K, 33% free 2200K/3267K, paused 2ms+2ms, total 22ms
D/dalvikvm(  114): GC_EXPLICIT freed <1K, 33% free 2200K/3267K, paused 1ms+2ms, total 21ms
D/dalvikvm(  114): GC_EXPLICIT freed <1K, 33% free 2200K/3267K, paused 2ms+2ms, total 23ms
I/dalvikvm(  114): System server process 479 has been created
I/Zygote  (  114): Accepting command socket connections
I/sysproc (  479): Entered system_init()
I/sysproc (  479): ServiceManager: 0x51059ea8
D/SensorService(  479): nuSensorService starting...
E/Sensors (  479): init_nusensors
E/Sensors (  479): sensor open /sys/devices/platform/huawei_sensor/als_input error, ret=-1
E/Sensors (  479): sensor als_input getInputPath error, ret=-1
E/Sensors (  479): Couldn't open /dev/light (No such file or directory)
E/Sensors (  479): LightSensor::LightSensor, line 59: ioctl, get lflag fail!
E/Sensors (  479): sensor open /sys/devices/platform/huawei_sensor/ps_input error, ret=-1
E/Sensors (  479): sensor ps_input getInputPath error, ret=-1
E/Sensors (  479): Couldn't open /dev/proximity (No such file or directory)
E/Sensors (  479): ProximitySensor::ProximitySensor, line 61: ioctl, get pflag fail!
E/Sensors (  479): sensor open /sys/devices/platform/huawei_sensor/akm_input error, ret=-1
E/Sensors (  479): sensor akm_input getInputPath error, ret=-1
E/Sensors (  479): Couldn't open /dev/compass_aot (No such file or directory)
E/Sensors (  479): AkmSensor::open failed: line +57 ~
E/Sensors (  479): AkmSensor::init: line +345 ~~~dev_fd==-1~      mEnabled=0    ~!n
E/Sensors (  479): sensor open /sys/devices/platform/huawei_sensor/acc_input error, ret=-1
E/Sensors (  479): sensor acc_input getInputPath error, ret=-1
E/Sensors (  479): Couldn't open /dev/accel (No such file or directory)
E/Sensors (  479): sensor open /sys/devices/platform/huawei_sensor/gyro_input error, ret=-1
E/Sensors (  479): sensor gyro_input getInputPath error, ret=-1
E/Sensors (  479): Couldn't open /dev/gyro (No such file or directory)
E/Sensors (  479): init_nusensors  status=0
E/Sensors (  479): readProductTag, cat not open /proc/app_info
E/Sensors (  479): sensors__get_sensors_list, board_id get failed
E/Sensors (  479): GsSensor: line +83 ~~~handle===0~~en==0~~!n
E/Sensors (  479): AkmSensor::enable, line 363: handle=1, en=0
E/Sensors (  479): AkmSensor::enable, line 363: handle=2, en=0
E/Sensors (  479): GyroSensor: line +112 ~~mEnabled==0~en===0~
E/Sensors (  479): The Gyro has been closeed
E/Sensors (  479): readProductTag, cat not open /proc/app_info
E/Sensors (  479): sensors__get_sensors_list, board_id get failed
I/SensorService(  479): LIS3DH 3-axis Accelerometer
I/SensorService(  479): AK8973 3-axis Magnetic field sensor
I/SensorService(  479): AK8973 Orientation sensor
I/SensorService(  479): CM3602 Proximity sensor
I/SensorService(  479): CM3602 Light sensor
I/SensorService(  479): L3G4200 Gyroscope sensor
E/Sensors (  479): readProductTag, cat not open /proc/app_info
E/Sensors (  479): sensors__get_sensors_list, board_id get failed
I/sysproc (  479): System server: starting Android runtime.
I/sysproc (  479): System server: starting Android services.
D/SensorService(  479): nuSensorService thread starting...
I/sysproc (  479): System server: entering thread pool.
I/SystemServer(  479): Entered the Android system server!
I/SystemServer(  479): Entropy Mixer
W/EntropyMixer(  479): unable to load initial entropy (first boot?)
W/EntropyMixer(  479): java.io.FileNotFoundException: /data/system/entropy.dat: open failed: ENOENT (No such file or directory)
W/EntropyMixer(  479): 	at libcore.io.IoBridge.open(IoBridge.java:416)
W/EntropyMixer(  479): 	at java.io.FileInputStream.<init>(FileInputStream.java:78)
W/EntropyMixer(  479): 	at java.io.FileInputStream.<init>(FileInputStream.java:105)
W/EntropyMixer(  479): 	at com.android.server.RandomBlock.fromFile(RandomBlock.java:45)
W/EntropyMixer(  479): 	at com.android.server.EntropyMixer.loadInitialEntropy(EntropyMixer.java:99)
W/EntropyMixer(  479): 	at com.android.server.EntropyMixer.<init>(EntropyMixer.java:86)
W/EntropyMixer(  479): 	at com.android.server.EntropyMixer.<init>(EntropyMixer.java:76)
W/EntropyMixer(  479): 	at com.android.server.ServerThread.run(SystemServer.java:169)
W/EntropyMixer(  479): Caused by: libcore.io.ErrnoException: open failed: ENOENT (No such file or directory)
W/EntropyMixer(  479): 	at libcore.io.Posix.open(Native Method)
W/EntropyMixer(  479): 	at libcore.io.BlockGuardOs.open(BlockGuardOs.java:110)
W/EntropyMixer(  479): 	at libcore.io.IoBridge.open(IoBridge.java:400)
W/EntropyMixer(  479): 	... 7 more
I/SystemServer(  479): Power Manager
I/SystemServer(  479): Activity Manager
I/ActivityManager(  479): Memory class: 48
I/SystemServer(  479): Telephony Registry
I/SystemServer(  479): Scheduling Policy
I/SystemServer(  479): Package Manager
I/PackageManager(  479): No settings file; creating initial state
I/installd(  118): new connection
I/Installer(  479): connecting...
D/dalvikvm(  498): DexOpt: load 16ms, verify+opt 73ms, 509140 bytes
D/dalvikvm(  499): DexOpt: load 5ms, verify+opt 3ms, 117132 bytes
D/dalvikvm(  500): DexOpt: load 5ms, verify+opt 23ms, 134700 bytes
D/dalvikvm(  501): DexOpt: load 5ms, verify+opt 5ms, 115100 bytes
D/dalvikvm(  502): DexOpt: load 5ms, verify+opt 26ms, 209372 bytes
D/dalvikvm(  503): DexOpt: load 4ms, verify+opt 7ms, 112820 bytes
D/dalvikvm(  504): DexOpt: load 4ms, verify+opt 4ms, 107012 bytes
D/dalvikvm(  505): DexOpt: load 5ms, verify+opt 9ms, 140548 bytes
D/dalvikvm(  506): DexOpt: load 4ms, verify+opt 5ms, 106468 bytes
D/dalvikvm(  507): DexOpt: load 4ms, verify+opt 5ms, 120468 bytes
D/dalvikvm(  508): DexOpt: load 7ms, verify+opt 59ms, 359956 bytes
D/dalvikvm(  509): DexOpt: load 5ms, verify+opt 23ms, 205084 bytes
D/dalvikvm(  510): DexOpt: load 4ms, verify+opt 6ms, 112964 bytes
D/dalvikvm(  511): DexOpt: load 4ms, verify+opt 7ms, 127684 bytes
D/dalvikvm(  512): DexOpt: load 6ms, verify+opt 37ms, 305004 bytes
I/PackageManager(  479): /system/framework/framework-res.apk changed; collecting certs
D/dalvikvm(  479): GC_CONCURRENT freed 3002K, 49% free 4306K/8387K, paused 3ms+3ms, total 35ms
D/dalvikvm(  479): GC_CONCURRENT freed 837K, 37% free 5312K/8387K, paused 2ms+3ms, total 42ms
D/dalvikvm(  479): WAIT_FOR_CONCURRENT_GC blocked 16ms
I/PackageManager(  479): /system/app/Apollo.apk changed; collecting certs
I/PackageManager(  479): /system/app/ApplicationsProvider.apk changed; collecting certs
I/PackageManager(  479): New shared user android.uid.shared: id=10001
I/PackageManager(  479): /system/app/BackupRestoreConfirmation.apk changed; collecting certs
D/dalvikvm(  479): GC_CONCURRENT freed 1214K, 31% free 5858K/8387K, paused 1ms+31ms, total 55ms
W/PackageParser(  479): No actions in intent filter at /system/app/Bluetooth.apk Binary XML file line #167
I/PackageManager(  479): /system/app/Bluetooth.apk changed; collecting certs
W/PackageParser(  479): No actions in intent filter at /system/app/Bluetooth.apk Binary XML file line #191
I/PackageManager(  479): /system/app/Browser.apk changed; collecting certs
I/PackageManager(  479): /system/app/CMFileManager.apk changed; collecting certs
W/PackageParser(  479): No actions in intent filter at /system/app/CMFileManager.apk Binary XML file line #127
D/dalvikvm(  479): GC_CONCURRENT freed 4211K, 61% free 3437K/8711K, paused 2ms+5ms, total 46ms
D/dalvikvm(  479): WAIT_FOR_CONCURRENT_GC blocked 36ms
I/PackageManager(  479): /system/app/CMFileManagerThemes.apk changed; collecting certs
I/PackageManager(  479): /system/app/CMUpdater.apk changed; collecting certs
I/PackageManager(  479): /system/app/CMWallpapers.apk changed; collecting certs
I/PackageManager(  479): /system/app/Calculator.apk changed; collecting certs
I/PackageManager(  479): /system/app/Calendar.apk changed; collecting certs
D/dalvikvm(  479): GC_CONCURRENT freed 1569K, 58% free 3692K/8711K, paused 2ms+8ms, total 35ms
D/dalvikvm(  479): WAIT_FOR_CONCURRENT_GC blocked 29ms
I/PackageManager(  479): /system/app/CalendarProvider.apk changed; collecting certs
I/PackageManager(  479): New shared user android.uid.calendar: id=10011
I/PackageManager(  479): /system/app/CertInstaller.apk changed; collecting certs
I/PackageManager(  479): /system/app/Contacts.apk changed; collecting certs
W/PackageParser(  479): No actions in intent filter at /system/app/Contacts.apk Binary XML file line #546
D/dalvikvm(  479): GC_CONCURRENT freed 1898K, 59% free 3618K/8711K, paused 2ms+7ms, total 41ms
I/PackageManager(  479): /system/app/ContactsProvider.apk changed; collecting certs
I/PackageManager(  479): /system/app/DSPManager.apk changed; collecting certs
I/PackageManager(  479): /system/app/DefaultContainerService.apk changed; collecting certs
W/PackageParser(  479): No actions in intent filter at /system/app/DeskClock.apk Binary XML file line #150
I/PackageManager(  479): /system/app/DeskClock.apk changed; collecting certs
W/PackageParser(  479): No actions in intent filter at /system/app/DeskClock.apk Binary XML file line #159
I/PackageManager(  479): /system/app/Development.apk changed; collecting certs
I/PackageManager(  479): /system/app/DownloadProvider.apk changed; collecting certs
I/PackageManager(  479): New shared user android.media: id=10017
I/PackageManager(  479): /system/app/DownloadProviderUi.apk changed; collecting certs
D/dalvikvm(  479): GC_CONCURRENT freed 1497K, 56% free 3887K/8711K, paused 2ms+10ms, total 49ms
I/PackageManager(  479): /system/app/DrmProvider.apk changed; collecting certs
I/PackageManager(  479): /system/app/Email.apk changed; collecting certs
I/PackageManager(  479): /system/app/Exchange2.apk changed; collecting certs
I/PackageManager(  479): /system/app/Galaxy4.apk changed; collecting certs
I/PackageManager(  479): /system/app/Gallery2.apk changed; collecting certs
D/dalvikvm(  479): GC_CONCURRENT freed 2068K, 59% free 3644K/8711K, paused 2ms+6ms, total 37ms
D/dalvikvm(  479): WAIT_FOR_CONCURRENT_GC blocked 29ms
W/PackageManager(  479): Package com.android.gallery3d desires unavailable shared library com.google.android.media.effects; ignoring!
I/PackageManager(  479): /system/app/HTMLViewer.apk changed; collecting certs
I/PackageManager(  479): /system/app/HoloSpiralWallpaper.apk changed; collecting certs
I/PackageManager(  479): /system/app/InputDevices.apk changed; collecting certs
D/dalvikvm(  479): GC_CONCURRENT freed 1683K, 57% free 3803K/8711K, paused 3ms+8ms, total 42ms
D/dalvikvm(  479): WAIT_FOR_CONCURRENT_GC blocked 23ms
I/PackageManager(  479): /system/app/KeyChain.apk changed; collecting certs
I/PackageManager(  479): /system/app/LatinIME.apk changed; collecting certs
D/dalvikvm(  479): GC_CONCURRENT freed 1744K, 56% free 3866K/8711K, paused 3ms+8ms, total 57ms
I/PackageManager(  479): /system/app/LiveWallpapers.apk changed; collecting certs
I/PackageManager(  479): /system/app/LiveWallpapersPicker.apk changed; collecting certs
I/PackageManager(  479): /system/app/MagicSmokeWallpapers.apk changed; collecting certs
I/PackageManager(  479): /system/app/MediaProvider.apk changed; collecting certs
I/PackageManager(  479): /system/app/Mms.apk changed; collecting certs
D/dalvikvm(  479): GC_CONCURRENT freed 1223K, 49% free 4463K/8711K, paused 3ms+12ms, total 43ms
D/dalvikvm(  479): WAIT_FOR_CONCURRENT_GC blocked 33ms
I/PackageManager(  479): /system/app/NoiseField.apk changed; collecting certs
I/PackageManager(  479): /system/app/PackageInstaller.apk changed; collecting certs
I/PackageManager(  479): /system/app/PhaseBeam.apk changed; collecting certs
I/PackageManager(  479): /system/app/Phone.apk changed; collecting certs
D/dalvikvm(  479): GC_CONCURRENT freed 2081K, 53% free 4154K/8711K, paused 3ms+11ms, total 46ms
I/PackageManager(  479): /system/app/PicoTts.apk changed; collecting certs
I/PackageManager(  479): /system/app/Provision.apk changed; collecting certs
I/PackageManager(  479): /system/app/QuickSearchBox.apk changed; collecting certs
I/PackageManager(  479): /system/app/Settings.apk changed; collecting certs
D/dalvikvm(  479): GC_CONCURRENT freed 1996K, 55% free 3988K/8711K, paused 2ms+10ms, total 46ms
D/dalvikvm(  479): WAIT_FOR_CONCURRENT_GC blocked 41ms
I/PackageManager(  479): /system/app/SettingsProvider.apk changed; collecting certs
I/PackageManager(  479): /system/app/SharedStorageBackup.apk changed; collecting certs
I/PackageManager(  479): /system/app/SoundRecorder.apk changed; collecting certs
I/PackageManager(  479): /system/app/SpareParts.apk changed; collecting certs
I/PackageManager(  479): /system/app/Stk.apk changed; collecting certs
D/dalvikvm(  479): GC_CONCURRENT freed 1649K, 52% free 4181K/8711K, paused 2ms+10ms, total 50ms
D/dalvikvm(  479): WAIT_FOR_CONCURRENT_GC blocked 22ms
I/PackageManager(  479): /system/app/Superuser.apk changed; collecting certs
I/PackageManager(  479): /system/app/SystemUI.apk changed; collecting certs
D/dalvikvm(  479): GC_CONCURRENT freed 1869K, 53% free 4155K/8711K, paused 2ms+9ms, total 43ms
D/dalvikvm(  479): WAIT_FOR_CONCURRENT_GC blocked 23ms
I/PackageManager(  479): /system/app/TelephonyProvider.apk changed; collecting certs
I/PackageManager(  479): /system/app/Term.apk changed; collecting certs
D/dalvikvm(  479): GC_CONCURRENT freed 1819K, 53% free 4172K/8711K, paused 3ms+9ms, total 46ms
I/PackageManager(  479): /system/app/ThemeChooser.apk changed; collecting certs
I/PackageManager(  479): /system/app/ThemeManager.apk changed; collecting certs
I/PackageManager(  479): /system/app/Torch.apk changed; collecting certs
I/PackageManager(  479): /system/app/Trebuchet.apk changed; collecting certs
I/PackageManager(  479): /system/app/UserDictionaryProvider.apk changed; collecting certs
I/PackageManager(  479): /system/app/VideoEditor.apk changed; collecting certs
D/dalvikvm(  479): GC_CONCURRENT freed 1834K, 53% free 4181K/8711K, paused 1ms+8ms, total 43ms
D/dalvikvm(  479): WAIT_FOR_CONCURRENT_GC blocked 21ms
I/PackageManager(  479): /system/app/VisualizationWallpapers.apk changed; collecting certs
I/PackageManager(  479): /system/app/VoiceDialer.apk changed; collecting certs
I/PackageManager(  479): /system/app/VpnDialogs.apk changed; collecting certs
I/PackageManager(  479): /system/app/WAPPushManager.apk changed; collecting certs
D/PackageManager(  479): No files in app dir /vendor/app
I/PackageManager(  479): Time to scan packages: 7.532 seconds
I/PackageManager(  479): Platform changed from 0 to 16; regranting permissions for internal storage
W/PackageManager(  479): Unknown permission com.google.android.googleapps.permission.GOOGLE_AUTH.mail in package com.android.contacts
W/PackageManager(  479): Unknown permission android.permission.ADD_SYSTEM_SERVICE in package com.android.phone
W/PackageManager(  479): Unknown permission com.google.android.googleapps.permission.GOOGLE_AUTH in package com.android.providers.calendar
W/PackageManager(  479): Unknown permission com.google.android.googleapps.permission.GOOGLE_AUTH.cl in package com.android.providers.calendar
W/PackageManager(  479): Unknown permission com.google.android.googleapps.permission.GOOGLE_AUTH.mail in package com.android.calendar
W/PackageManager(  479): Not granting permission android.permission.SEND_DOWNLOAD_COMPLETED_INTENTS to package com.android.browser (protectionLevel=2 flags=0x9be45)
W/PackageManager(  479): Unknown permission com.cyanogenmod.filemanager.permissions.READ_THEME in package com.cyanogenmod.filemanager
W/PackageManager(  479): Unknown permission com.google.android.googleapps.permission.GOOGLE_AUTH in package com.android.settings
W/PackageManager(  479): Unknown permission com.google.android.googleapps.permission.GOOGLE_AUTH in package com.android.providers.contacts
W/PackageManager(  479): Unknown permission com.google.android.googleapps.permission.GOOGLE_AUTH.cp in package com.android.providers.contacts
W/PackageManager(  479): Unknown permission android.permission.ACCESS_SUPERUSER in package jackpal.androidterm
W/PackageManager(  479): Unknown permission android.permission.ACCESS_4G_RADIO_DISABLE in package com.android.systemui
W/PackageManager(  479): Unknown permission android.permission.ACCESS_4G_STATE in package com.android.systemui
W/PackageManager(  479): Unknown permission android.permission.CHANGE_4G_STATE in package com.android.systemui
W/PackageManager(  479): Unknown permission com.google.android.googleapps.permission.ACCESS_GOOGLE_PASSWORD in package com.android.development
W/PackageManager(  479): Unknown permission com.google.android.googleapps.permission.GOOGLE_AUTH in package com.android.development
W/PackageManager(  479): Unknown permission com.google.android.googleapps.permission.GOOGLE_AUTH.ALL_SERVICES in package com.android.development
W/PackageManager(  479): Unknown permission com.google.android.googleapps.permission.GOOGLE_AUTH.YouTubeUser in package com.android.development
W/PackageManager(  479): Not granting permission android.permission.DEVICE_POWER to package com.android.deskclock (protectionLevel=2 flags=0x8be45)
D/dalvikvm(  479): GC_EXPLICIT freed 1304K, 57% free 3755K/8711K, paused 3ms+6ms, total 48ms
I/SystemServer(  479): Account Manager
D/PackageManager(  479): generateServicesMap(android.accounts.AccountAuthenticator): 2 services:
D/PackageManager(  479):   New service added: ServiceInfo: AuthenticatorDescription {type=com.android.email}, ComponentInfo{com.android.email/com.android.email.service.PopImapAuthenticatorService}, uid 10018
D/PackageManager(  479):   New service added: ServiceInfo: AuthenticatorDescription {type=com.android.exchange}, ComponentInfo{com.android.email/com.android.email.service.EasAuthenticatorService}, uid 10018
I/SystemServer(  479): Content Manager
I/ActivityThread(  479): Pub settings: com.android.providers.settings.SettingsProvider
I/SystemServer(  479): System Content Providers
D/dalvikvm(  479): DexOpt: --- BEGIN 'SettingsProvider.apk' (bootstrap=0) ---
D/dalvikvm(  515): DexOpt: load 7ms, verify+opt 42ms, 371532 bytes
D/dalvikvm(  479): DexOpt: --- END 'SettingsProvider.apk' (success) ---
D/dalvikvm(  479): DEX prep '/system/app/SettingsProvider.apk': unzip in 4ms, rewrite 159ms
E/SQLiteLog(  479): (1) no such table: secure
D/SettingsProvider(  479): Generated and saved new ANDROID_ID [1f01ec75ec202bba]
I/SyncManager(  479): No initial accounts
I/SyncManager(  479): No initial status
I/SyncManager(  479): No initial pending operations
I/SyncManager(  479): No initial statistics
D/PackageManager(  479): generateServicesMap(android.content.SyncAdapter): 4 services:
D/PackageManager(  479):   New service added: ServiceInfo: SyncAdapterType {name=com.android.email.provider, type=com.android.email, userVisible=true, supportsUploading=false, isAlwaysSyncable=false, allowParallelSyncs=false, settingsActivity=null}, ComponentInfo{com.android.email/com.android.email.service.PopImapSyncAdapterService}, uid 10018
D/PackageManager(  479):   New service added: ServiceInfo: SyncAdapterType {name=com.android.email.provider, type=com.android.exchange, userVisible=true, supportsUploading=false, isAlwaysSyncable=false, allowParallelSyncs=false, settingsActivity=null}, ComponentInfo{com.android.exchange/com.android.exchange.EmailSyncAdapterService}, uid 10019
D/PackageManager(  479):   New service added: ServiceInfo: SyncAdapterType {name=com.android.contacts, type=com.android.exchange, userVisible=true, supportsUploading=true, isAlwaysSyncable=false, allowParallelSyncs=false, settingsActivity=null}, ComponentInfo{com.android.exchange/com.android.exchange.ContactsSyncAdapterService}, uid 10019
D/PackageManager(  479):   New service added: ServiceInfo: SyncAdapterType {name=com.android.calendar, type=com.android.exchange, userVisible=true, supportsUploading=true, isAlwaysSyncable=false, allowParallelSyncs=false, settingsActivity=null}, ComponentInfo{com.android.exchange/com.android.exchange.CalendarSyncAdapterService}, uid 10019
D/SettingsProvider(  479): cache for settings table 'secure' rows=30; fullycached=true
D/SettingsProvider(  479): cache for settings table 'system' rows=48; fullycached=true
I/SystemServer(  479): Lights Service
I/SystemServer(  479): Battery Service
I/SystemServer(  479): Vibrator Service
I/libsuspend(  479): Selected early suspend
D/AlarmManagerService(  479): Kernel timezone updated to -480 minutes west of GMT
I/SystemServer(  479): Alarm Manager
I/SystemServer(  479): Init Watchdog
I/SystemServer(  479): Window Manager
I/InputManager(  479): Initializing input manager
W/StatusBarManager(  479): warning: no STATUS_BAR_SERVICE
E/Sensors (  479): GsSensor: line +83 ~~~handle===0~~en==1~~!n
E/Sensors (  479): Couldn't open /dev/accel (No such file or directory)
E/Sensors (  479): ECS_IOCTL_APP_SET_XXX failed (Bad file number)
E/SensorService(  479): Error activating sensor 0 (Bad file number)
E/Sensors (  479): GsSensor::setDelay: line +114 ~~~handle===0~~ns==200000000~~
D/PermissionCache(  113): checking android.permission.ACCESS_SURFACE_FLINGER for uid=1000 => granted (990 us)
I/InputManager(  479): Starting input manager
I/SystemServer(  479): Bluetooth Service
D/EventHub(  479): No input device configuration file found for device '7k_handset'.
I/BluetoothProfileState(  479): Message:Entering Stable State
E/WVMExtractor(  116): Failed to open libwvm.so
W/QComExtractorFactory(  116): Didn't match the sniff <=== status = 5 
W/QComExtractorFactory(  116): Didn't match the sniff <=== status = 1 
W/QComExtractorFactory(  116): Didn't match the sniff <=== status = 1 
W/QComExtractorFactory(  116): Didn't match the sniff <=== status = 1 
E/MM_OSAL (  116): ValidateAACFile failed
W/QComExtractorFactory(  116): Didn't match the sniff <=== status = 1 
W/QComExtractorFactory(  116): Didn't match the sniff <=== status = 1 
I/EventHub(  479): New device: id=1, fd=104, path='/dev/input/event3', name='7k_handset', classes=0x81, configuration='', keyLayout='/system/usr/keylayout/7k_handset.kl', keyCharacterMap='/system/usr/keychars/Generic.kcm', builtinKeyboard=false, usingSuspendBlockIoctl=true, usingClockIoctl=false
D/EventHub(  479): No input device configuration file found for device 'Avago proximity sensor'.
I/BluetoothProfileState(  479): Message:Entering Stable State
I/BluetoothProfileState(  479): Message:Entering Stable State
D/BluetoothA2dpService(  479): has_special_extra_keys: com.amazon.mp3.metachanged
D/BluetoothA2dpService(  479): key_name: com.amazon.mp3.metachanged_track
D/BluetoothAdapterStateMachine(  479): PowerOff process message: 5
D/BluetoothA2dpService(  479): com.amazon.mp3.metachanged_track: com.amazon.mp3.track
D/BluetoothA2dpService(  479): key_name: com.amazon.mp3.metachanged_artist
E/WVMExtractor(  116): Failed to open libwvm.so
W/QComExtractorFactory(  116): Didn't match the sniff <=== status = 5 
W/QComExtractorFactory(  116): Didn't match the sniff <=== status = 1 
W/QComExtractorFactory(  116): Didn't match the sniff <=== status = 1 
W/QComExtractorFactory(  116): Didn't match the sniff <=== status = 1 
E/MM_OSAL (  116): ValidateAACFile failed
W/QComExtractorFactory(  116): Didn't match the sniff <=== status = 1 
W/QComExtractorFactory(  116): Didn't match the sniff <=== status = 1 
D/BluetoothA2dpService(  479): com.amazon.mp3.metachanged_artist: com.amazon.mp3.artist
D/BluetoothA2dpService(  479): key_name: com.amazon.mp3.metachanged_album
D/BluetoothA2dpService(  479): com.amazon.mp3.metachanged_album: com.amazon.mp3.album
D/BluetoothA2dpService(  479): key_name: com.amazon.mp3.metachanged_id
D/BluetoothA2dpService(  479): com.amazon.mp3.metachanged_id: com.amazon.mp3.id
D/BluetoothA2dpService(  479): has_special_extra_keys: com.amazon.mp3.playstatechanged
D/BluetoothA2dpService(  479): key_name: com.amazon.mp3.playstatechanged_track
D/BluetoothA2dpService(  479): com.amazon.mp3.playstatechanged_track: com.amazon.mp3.track
D/BluetoothA2dpService(  479): key_name: com.amazon.mp3.playstatechanged_artist
D/BluetoothA2dpService(  479): com.amazon.mp3.playstatechanged_artist: com.amazon.mp3.artist
D/BluetoothA2dpService(  479): key_name: com.amazon.mp3.playstatechanged_album
D/BluetoothA2dpService(  479): com.amazon.mp3.playstatechanged_album: com.amazon.mp3.album
D/BluetoothA2dpService(  479): key_name: com.amazon.mp3.playstatechanged_id
D/EventHub(  479): No input device configuration file found for device 'Avago light sensor'.
D/BluetoothA2dpService(  479): com.amazon.mp3.playstatechanged_id: com.amazon.mp3.id
I/SystemServer(  479): Input Method Service
W/InputMethodManagerService(  479): No IME selected. Choose the most applicable IME.
I/InputMethodManagerService(  479): No default found, using com.android.inputmethod.latin/.LatinIME
D/EventHub(  479): No input device configuration file found for device '7x27a_kp'.
I/EventHub(  479): New device: id=4, fd=126, path='/dev/input/event0', name='7x27a_kp', classes=0x1, configuration='', keyLayout='/system/usr/keylayout/7x27a_kp.kl', keyCharacterMap='/system/usr/keychars/7x27a_kp.kcm', builtinKeyboard=false, usingSuspendBlockIoctl=true, usingClockIoctl=false
I/InputReader(  479): Device added: id=-1, name='Virtual', sources=0x00000301
I/InputReader(  479): Device added: id=4, name='7x27a_kp', sources=0x00000101
I/InputReader(  479): Device added: id=1, name='7k_handset', sources=0x80000101
I/SystemServer(  479): Accessibility Manager
I/InputReader(  479): Reconfiguring input devices.  changes=0x00000004
I/bluedroid(  479): Starting hciattach daemon
I/ActivityManager(  479): Config changed: {1.0 0mcc0mnc vi_VN sw393dp w393dp h631dp nrml long port ?uimode ?night -touch -keyb/h/h -nav/h s.2 themeResource=null}
I/PackageManager(  479): Running dexopt on: com.andrew.apollo
D/dalvikvm(  543): DexOpt: load 62ms, verify+opt 336ms, 1233708 bytes
I/PackageManager(  479): Running dexopt on: com.android.providers.applications
D/dalvikvm(  544): DexOpt: load 11ms, verify+opt 57ms, 350660 bytes
I/PackageManager(  479): Running dexopt on: com.android.backupconfirm
D/dalvikvm(  545): DexOpt: load 9ms, verify+opt 22ms, 221940 bytes
I/PackageManager(  479): Running dexopt on: com.android.bluetooth
D/dalvikvm(  546): DexOpt: load 17ms, verify+opt 222ms, 654100 bytes
I/PackageManager(  479): Running dexopt on: com.android.browser
D/dalvikvm(  547): DexOpt: load 145ms, verify+opt 378ms, 1544980 bytes
I/PackageManager(  479): Running dexopt on: com.cyanogenmod.filemanager
D/dalvikvm(  548): DexOpt: load 91ms, verify+opt 244ms, 936388 bytes
I/PackageManager(  479): Running dexopt on: com.cyanogenmod.filemanager.themes
D/dalvikvm(  549): DexOpt: load 8ms, verify+opt 1ms, 116452 bytes
I/PackageManager(  479): Running dexopt on: com.cyanogenmod.updater
D/dalvikvm(  550): DexOpt: load 15ms, verify+opt 75ms, 492348 bytes
I/PackageManager(  479): Running dexopt on: com.cyanogenmod.CMWallpapers
D/dalvikvm(  551): DexOpt: load 9ms, verify+opt 38ms, 271860 bytes
I/PackageManager(  479): Running dexopt on: com.android.calculator2
D/dalvikvm(  552): DexOpt: load 64ms, verify+opt 221ms, 832164 bytes
I/PackageManager(  479): Running dexopt on: com.android.calendar
D/dalvikvm(  553): DexOpt: load 92ms, verify+opt 349ms, 1105156 bytes
I/PackageManager(  479): Running dexopt on: com.android.providers.calendar
D/dalvikvm(  554): DexOpt: load 21ms, verify+opt 178ms, 593788 bytes
I/PackageManager(  479): Running dexopt on: com.android.certinstaller
D/dalvikvm(  555): DexOpt: load 14ms, verify+opt 45ms, 351596 bytes
I/PackageManager(  479): Running dexopt on: com.android.contacts
D/dalvikvm(  556): DexOpt: load 148ms, verify+opt 662ms, 1839188 bytes
I/PackageManager(  479): Running dexopt on: com.android.providers.contacts
D/dalvikvm(  557): DexOpt: load 21ms, verify+opt 287ms, 620284 bytes
I/PackageManager(  479): Running dexopt on: com.bel.android.dspmanager
D/dalvikvm(  558): DexOpt: load 44ms, verify+opt 200ms, 848772 bytes
I/PackageManager(  479): Running dexopt on: com.android.defcontainer
D/dalvikvm(  559): DexOpt: load 6ms, verify+opt 12ms, 188716 bytes
I/PackageManager(  479): Running dexopt on: com.android.deskclock
D/dalvikvm(  560): DexOpt: load 63ms, verify+opt 194ms, 912908 bytes
I/PackageManager(  479): Running dexopt on: com.android.development
D/dalvikvm(  561): DexOpt: load 34ms, verify+opt 108ms, 681132 bytes
I/PackageManager(  479): Running dexopt on: com.android.providers.downloads
D/dalvikvm(  562): DexOpt: load 20ms, verify+opt 101ms, 481852 bytes
I/PackageManager(  479): Running dexopt on: com.android.providers.downloads.ui
D/dalvikvm(  563): DexOpt: load 24ms, verify+opt 58ms, 418260 bytes
I/PackageManager(  479): Running dexopt on: com.android.providers.drm
D/dalvikvm(  564): DexOpt: load 5ms, verify+opt 8ms, 147700 bytes
I/PackageManager(  479): Running dexopt on: com.android.email
D/dalvikvm(  565): DexOpt: load 162ms, verify+opt 896ms, 2326148 bytes
I/rmt_storage(  144): rmt_storage open event: handle=1
I/rmt_storage(  144): Opened /boot/modem_fs1
I/rmt_storage(  144): rmt_storage events processing done
I/rmt_storage(  144): rmt_storage client thread started 
I/rmt_storage(  144): rmt_storage send user data event
I/rmt_storage(  144): rmt_storage events processing done
I/rmt_storage(  144): rmt_storage open event: handle=2
I/rmt_storage(  144): Opened /boot/modem_fs2
I/rmt_storage(  144): rmt_storage events processing done
I/rmt_storage(  144): rmt_storage client thread started 
I/rmt_storage(  144): rmt_storage send user data event
I/rmt_storage(  144): rmt_storage events processing done
I/rmt_storage(  144): rmt_storage write event
I/rmt_storage(  144): rmt_storage events processing done
I/rmt_storage(  144): unblock rmt_storage client thread
I/PackageManager(  479): Running dexopt on: com.android.exchange
I/rmt_storage(  144): rmt_storage fop(1): bytes transferred = 3145216
I/rmt_storage(  144): rmt_storage fop(1): bytes transferred = 512
D/dalvikvm(  568): DexOpt: load 93ms, verify+opt 692ms, 1697844 bytes
I/PackageManager(  479): Running dexopt on: com.android.galaxy4
D/dalvikvm(  569): DexOpt: load 13ms, verify+opt 9ms, 236668 bytes
I/PackageManager(  479): Running dexopt on: com.android.gallery3d
D/dalvikvm(  570): DexOpt: load 114ms, verify+opt 537ms, 1659860 bytes
I/PackageManager(  479): Running dexopt on: com.android.htmlviewer
D/dalvikvm(  572): DexOpt: load 10ms, verify+opt 22ms, 244036 bytes
I/PackageManager(  479): Running dexopt on: com.android.wallpaper.holospiral
D/dalvikvm(  573): DexOpt: load 15ms, verify+opt 9ms, 249548 bytes
I/PackageManager(  479): Running dexopt on: com.android.inputdevices
D/dalvikvm(  574): DexOpt: load 4ms, verify+opt 1ms, 96420 bytes
I/PackageManager(  479): Running dexopt on: com.android.keychain
D/dalvikvm(  575): DexOpt: load 12ms, verify+opt 57ms, 374116 bytes
I/PackageManager(  479): Running dexopt on: com.android.inputmethod.latin
D/dalvikvm(  576): DexOpt: load 45ms, verify+opt 218ms, 860548 bytes
I/PackageManager(  479): Running dexopt on: com.android.wallpaper
D/dalvikvm(  577): DexOpt: load 19ms, verify+opt 32ms, 396044 bytes
I/PackageManager(  479): Running dexopt on: com.android.wallpaper.livepicker
D/dalvikvm(  578): DexOpt: load 10ms, verify+opt 42ms, 349508 bytes
I/PackageManager(  479): Running dexopt on: com.android.magicsmoke
D/dalvikvm(  579): DexOpt: load 10ms, verify+opt 15ms, 268964 bytes
I/PackageManager(  479): Running dexopt on: com.android.providers.media
D/dalvikvm(  580): DexOpt: load 12ms, verify+opt 107ms, 490884 bytes
I/PackageManager(  479): Running dexopt on: com.android.mms
D/dalvikvm(  581): DexOpt: load 120ms, verify+opt 417ms, 1404884 bytes
I/PackageManager(  479): Running dexopt on: com.android.noisefield
D/dalvikvm(  582): DexOpt: load 13ms, verify+opt 12ms, 256260 bytes
I/PackageManager(  479): Running dexopt on: com.android.packageinstaller
D/dalvikvm(  583): DexOpt: load 10ms, verify+opt 50ms, 335788 bytes
I/PackageManager(  479): Running dexopt on: com.android.phasebeam
D/dalvikvm(  584): DexOpt: load 13ms, verify+opt 11ms, 244524 bytes
I/PackageManager(  479): Running dexopt on: com.android.phone
D/dalvikvm(  585): DexOpt: load 50ms, verify+opt 350ms, 1152988 bytes
I/PackageManager(  479): Running dexopt on: com.svox.pico
D/dalvikvm(  586): DexOpt: load 12ms, verify+opt 10ms, 214716 bytes
I/PackageManager(  479): Running dexopt on: com.android.provision
D/dalvikvm(  587): DexOpt: load 9ms, verify+opt 2ms, 128788 bytes
I/PackageManager(  479): Running dexopt on: com.android.quicksearchbox
D/dalvikvm(  588): DexOpt: load 91ms, verify+opt 165ms, 935836 bytes
